Microchip MPLAB XC8 Compiler V1.40 ()

Linker command line:

-W-3 --edf=/opt/microchip/xc8/v1.40/dat/en_msgs.txt -cs \
  -h+dist/default/production/AER201-Final-Code.X.production.sym \
  --cmf=dist/default/production/AER201-Final-Code.X.production.cmf -z \
  -Q18F4620 -o/tmp/xcXmnjuqT \
  -Mdist/default/production/AER201-Final-Code.X.production.map -E1 -ver=XC8 \
  -ASTACK=0A8h-0f7fh -pstack=STACK -ACODE=00h-0FFFFh -ACONST=00h-0FFFFh \
  -ASMALLCONST=01000h-010FFhx240 -AMEDIUMCONST=01000h-0FFFFh \
  -ACOMRAM=01h-07Fh -AABS1=00h-0F7Fh -ABIGRAM=01h-0F7Fh \
  -ARAM=080h-0FFh,0100h-01FFhx14,0F00h-0F7Fh -ABANK0=080h-0FFh \
  -ABANK1=0100h-01FFh -ABANK2=0200h-02FFh -ABANK3=0300h-03FFh \
  -ABANK4=0400h-04FFh -ABANK5=0500h-05FFh -ABANK6=0600h-06FFh \
  -ABANK7=0700h-07FFh -ABANK8=0800h-08FFh -ABANK9=0900h-09FFh \
  -ABANK10=0A00h-0AFFh -ABANK11=0B00h-0BFFh -ABANK12=0C00h-0CFFh \
  -ABANK13=0D00h-0DFFh -ABANK14=0E00h-0EFFh -ABANK15=0F00h-0F7Fh \
  -ASFR=0F80h-0FFFh -preset_vec=00h,intcode=08h,intcodelo,powerup,init \
  -pramtop=01000h -psmallconst=SMALLCONST -pmediumconst=MEDIUMCONST \
  -pconst=CONST -AFARRAM=00h-00h -ACONFIG=0300000h-030000Dh -pconfig=CONFIG \
  -AIDLOC=0200000h-0200007h -pidloc=IDLOC -AEEDATA=0F00000h-0F003FFh \
  -peeprom_data=EEDATA \
  -prdata=COMRAM,nvrram=COMRAM,nvbit=COMRAM,rbss=COMRAM,rbit=COMRAM \
  -pfarbss=FARRAM,fardata=FARRAM,nvFARRAM=FARRAM \
  -pintsave_regs=BIGRAM,bigbss=BIGRAM,bigdata=BIGRAM -pbss=RAM \
  -pidata=CODE,irdata=CODE,ibigdata=CODE,ifardata=CODE -prparam=COMRAM \
  /tmp/xcXj9Lobd.obj \
  dist/default/production/AER201-Final-Code.X.production.obj 

Object code version is 3.11

Machine type is 18F4620

Call graph: (short form)




                Name                               Link     Load   Length Selector   Space Scale
/tmp/xcXj9Lobd.obj
                init                                  E        E        4        4       0
                reset_vec                             0        0        4        0       0
                idloc                            200000   200000        8   200000       0
                config                           300000   300000        E   300000       0
dist/default/production/AER201-Final-Code.X.production.obj
                intcode                               8        8        6        4       0
                temp                                 5F       5F        1        1       1
                smallconst                         1000     1000       7E      800       0
                text38                             1E26     1E26       56      83F       0
                text37                             20AE     20AE        C      83F       0
                text36                             2070     2070        E      83F       0
                text35                             20A2     20A2        C      83F       0
                text34                             1D72     1D72       5E      83F       0
                text33                             1F52     1F52       2A      83F       0
                text32                             2034     2034       1A      83F       0
                text31                             201A     201A       1A      83F       0
                text30                             2000     2000       1A      83F       0
                text29                             1FE6     1FE6       1A      83F       0
                text28                             1FCC     1FCC       1A      83F       0
                text27                             1ABA     1ABA       96      83F       0
                intcode_body                       1A1E     1A1E       9C      83F       0
                text25                             1C44     1C44       6C      83F       0
                text24                             1EFA     1EFA       2E      83F       0
                text23                             204E     204E       14      83F       0
                text22                             18B8     18B8       B8      83F       0
                text21                             1DD0     1DD0       56      83F       0
                text20                             2096     2096        C      83F       0
                text19                             2062     2062        E      83F       0
                text18                             208A     208A        C      83F       0
                text17                             1D14     1D14       5E      83F       0
                text16                             1F28     1F28       2A      83F       0
                text15                             1FB2     1FB2       1A      83F       0
                text14                             1E7C     1E7C       46      83F       0
                text13                             1BD4     1BD4       70      83F       0
                text12                             1970     1970       AE      83F       0
                text11                             1EC2     1EC2       38      83F       0
                text10                             17D2     17D2       E6      83F       0
                text9                              15B4     15B4      120      83F       0
                text8                              1470     1470      144      83F       0
                text7                              16D4     16D4       FE      83F       0
                text6                              107E     107E      274      83F       0
                text5                              1B50     1B50       84      83F       0
                text4                              20BA     20BA        2      83F       0
                text3                              1CB0     1CB0       64      83F       0
                text2                              1F7C     1F7C       1C      83F       0
                text1                              207E     207E        C      83F       0
                text0                              12F2     12F2      17E      83F       0
                cstackCOMRAM                          1        1       44        1       1
                cstackBANK0                          80       80       28       80       1
                bssCOMRAM                            45       45       1A        1       1
                cinit                              1F98     1F98       1A      83F       0

TOTAL           Name                               Link     Load   Length     Space
        CLASS   STACK          

        CLASS   CODE           
                intcode                               8        8        6         0
                init                                  E        E        4         0
                reset_vec                             0        0        4         0
                text38                             1E26     1E26       56         0
                text37                             20AE     20AE        C         0
                text36                             2070     2070        E         0
                text35                             20A2     20A2        C         0
                text34                             1D72     1D72       5E         0
                text33                             1F52     1F52       2A         0
                text32                             2034     2034       1A         0
                text31                             201A     201A       1A         0
                text30                             2000     2000       1A         0
                text29                             1FE6     1FE6       1A         0
                text28                             1FCC     1FCC       1A         0
                text27                             1ABA     1ABA       96         0
                intcode_body                       1A1E     1A1E       9C         0
                text25                             1C44     1C44       6C         0
                text24                             1EFA     1EFA       2E         0
                text23                             204E     204E       14         0
                text22                             18B8     18B8       B8         0
                text21                             1DD0     1DD0       56         0
                text20                             2096     2096        C         0
                text19                             2062     2062        E         0
                text18                             208A     208A        C         0
                text17                             1D14     1D14       5E         0
                text16                             1F28     1F28       2A         0
                text15                             1FB2     1FB2       1A         0
                text14                             1E7C     1E7C       46         0
                text13                             1BD4     1BD4       70         0
                text12                             1970     1970       AE         0
                text11                             1EC2     1EC2       38         0
                text10                             17D2     17D2       E6         0
                text9                              15B4     15B4      120         0
                text8                              1470     1470      144         0
                text7                              16D4     16D4       FE         0
                text6                              107E     107E      274         0
                text5                              1B50     1B50       84         0
                text4                              20BA     20BA        2         0
                text3                              1CB0     1CB0       64         0
                text2                              1F7C     1F7C       1C         0
                text1                              207E     207E        C         0
                text0                              12F2     12F2      17E         0
                cinit                              1F98     1F98       1A         0

        CLASS   CONST          

        CLASS   SMALLCONST     
                smallconst                         1000     1000       7E         0

        CLASS   MEDIUMCONST    

        CLASS   COMRAM         
                temp                                 5F       5F        1         1
                cstackCOMRAM                          1        1       44         1
                bssCOMRAM                            45       45       1A         1

        CLASS   ABS1           

        CLASS   BIGRAM         

        CLASS   RAM            

        CLASS   BANK0          
                cstackBANK0                          80       80       28         1

        CLASS   BANK1          

        CLASS   BANK2          

        CLASS   BANK3          

        CLASS   BANK4          

        CLASS   BANK5          

        CLASS   BANK6          

        CLASS   BANK7          

        CLASS   BANK8          

        CLASS   BANK9          

        CLASS   BANK10         

        CLASS   BANK11         

        CLASS   BANK12         

        CLASS   BANK13         

        CLASS   BANK14         

        CLASS   BANK15         

        CLASS   SFR            

        CLASS   FARRAM         

        CLASS   CONFIG         
                config                           300000   300000        E         0

        CLASS   IDLOC          
                idloc                            200000   200000        8         0

        CLASS   EEDATA         



SEGMENTS        Name                           Load    Length   Top    Selector   Space  Class

                reset_vec                      000000  000004  000004         0       0  CODE    
                cstackCOMRAM                   000001  00005F  000060         1       1  COMRAM  
                intcode                        000008  00000A  000012         4       0  CODE    
                cstackBANK0                    000080  000028  0000A8        80       1  BANK0   
                smallconst                     001000  00007E  00107E       800       0  SMALLCON
                text6                          00107E  00103E  0020BC       83F       0  CODE    
                idloc                          200000  000008  200008    200000       0  IDLOC   
                config                         300000  00000E  30000E    300000       0  CONFIG  


UNUSED ADDRESS RANGES

        Name                Unused          Largest block    Delta
        BANK0            0000A8-0000FF               58
        BANK1            000100-0001FF              100
        BANK10           000A00-000AFF              100
        BANK11           000B00-000BFF              100
        BANK12           000C00-000CFF              100
        BANK13           000D00-000DFF              100
        BANK14           000E00-000EFF              100
        BANK15           000F00-000F7F               80
        BANK2            000200-0002FF              100
        BANK3            000300-0003FF              100
        BANK4            000400-0004FF              100
        BANK5            000500-0005FF              100
        BANK6            000600-0006FF              100
        BANK7            000700-0007FF              100
        BANK8            000800-0008FF              100
        BANK9            000900-0009FF              100
        BIGRAM           000060-00007F               20
                         0000A8-000F7F              ED8
        CODE             000004-000007                4
                         000012-000FFF              FEE
                         0020BC-00FFFF             DF44
        COMRAM           000060-00007F               20
        CONST            000004-000007                4
                         000012-000FFF              FEE
                         0020BC-00FFFF             DF44
        EEDATA           F00000-F003FF              400
        MEDIUMCONST      0020BC-00FFFF             DF44
        RAM              0000A8-000F7F              100
        SFR              000F80-000FFF               80
        SMALLCONST       0020BC-00FFFF              100
        STACK            0000A8-000F7F              ED8

                                  Symbol Table

?___awmod                           cstackCOMRAM 000021
?___awtoft                          cstackCOMRAM 000029
?___ftdiv                           cstackCOMRAM 00002D
?___ftmul                           cstackCOMRAM 00003C
?___ftpack                          cstackCOMRAM 000021
?___fttol                           cstackBANK0  000086
?_bottleComing                      cstackCOMRAM 000023
?_getDistance                       cstackCOMRAM 000021
?_laserDetected                     cstackCOMRAM 000021
?_printf                            cstackCOMRAM 000024
?i2_printf                          cstackCOMRAM 000004
_ACKDT                              (abs)        007E2D
_ACKEN                              (abs)        007E2C
_ADCON1                             (abs)        000FC1
_INT1IE                             (abs)        007F83
_INT1IF                             (abs)        007F80
_INTCONbits                         (abs)        000FF2
_LATA                               (abs)        000F89
_LATAbits                           (abs)        000F89
_LATB                               (abs)        000F8A
_LATC                               (abs)        000F8B
_LATCbits                           (abs)        000F8B
_LATD                               (abs)        000F8C
_LATDbits                           (abs)        000F8C
_LATE                               (abs)        000F8D
_PEN                                (abs)        007E2A
_PORTB                              (abs)        000F81
_RCEN                               (abs)        007E2B
_RSEN                               (abs)        007E29
_SEN                                (abs)        007E28
_SSPADD                             (abs)        000FC8
_SSPBUF                             (abs)        000FC9
_SSPCON1                            (abs)        000FC6
_SSPCON2                            (abs)        000FC5
_SSPSTAT                            (abs)        000FC7
_T0CONbits                          (abs)        000FD5
_TRISA                              (abs)        000F92
_TRISB                              (abs)        000F93
_TRISC                              (abs)        000F94
_TRISC3                             (abs)        007CA3
_TRISC4                             (abs)        007CA4
_TRISD                              (abs)        000F95
_TRISE                              (abs)        000F96
__CFG_BOREN$SBORDIS                 (abs)        000000
__CFG_BORV$3                        (abs)        000000
__CFG_CCP2MX$PORTC                  (abs)        000000
__CFG_CP0$OFF                       (abs)        000000
__CFG_CP1$OFF                       (abs)        000000
__CFG_CP2$OFF                       (abs)        000000
__CFG_CP3$OFF                       (abs)        000000
__CFG_CPB$OFF                       (abs)        000000
__CFG_CPD$OFF                       (abs)        000000
__CFG_EBTR0$OFF                     (abs)        000000
__CFG_EBTR1$OFF                     (abs)        000000
__CFG_EBTR2$OFF                     (abs)        000000
__CFG_EBTR3$OFF                     (abs)        000000
__CFG_EBTRB$OFF                     (abs)        000000
__CFG_FCMEN$ON                      (abs)        000000
__CFG_IESO$OFF                      (abs)        000000
__CFG_LPT1OSC$OFF                   (abs)        000000
__CFG_LVP$OFF                       (abs)        000000
__CFG_MCLRE$ON                      (abs)        000000
__CFG_OSC$INTIO7                    (abs)        000000
__CFG_PBADEN$ON                     (abs)        000000
__CFG_PWRT$OFF                      (abs)        000000
__CFG_STVREN$ON                     (abs)        000000
__CFG_WDT$OFF                       (abs)        000000
__CFG_WDTPS$32768                   (abs)        000000
__CFG_WRT0$OFF                      (abs)        000000
__CFG_WRT1$OFF                      (abs)        000000
__CFG_WRT2$OFF                      (abs)        000000
__CFG_WRT3$OFF                      (abs)        000000
__CFG_WRTB$OFF                      (abs)        000000
__CFG_WRTC$OFF                      (abs)        000000
__CFG_WRTD$OFF                      (abs)        000000
__CFG_XINST$OFF                     (abs)        000000
__HRAM                              (abs)        000000
__Habs1                             abs1         000000
__Hbank0                            bank0        000000
__Hbank1                            bank1        000000
__Hbank10                           bank10       000000
__Hbank11                           bank11       000000
__Hbank12                           bank12       000000
__Hbank13                           bank13       000000
__Hbank14                           bank14       000000
__Hbank15                           bank15       000000
__Hbank2                            bank2        000000
__Hbank3                            bank3        000000
__Hbank4                            bank4        000000
__Hbank5                            bank5        000000
__Hbank6                            bank6        000000
__Hbank7                            bank7        000000
__Hbank8                            bank8        000000
__Hbank9                            bank9        000000
__Hbigbss                           bigbss       000000
__Hbigdata                          bigdata      000000
__Hbigram                           bigram       000000
__Hbss                              bss          000000
__HbssCOMRAM                        bssCOMRAM    000000
__Hcinit                            cinit        000000
__Hclrtext                          clrtext      000000
__Hcomram                           comram       000000
__Hconfig                           config       30000E
__Hconst                            const        000000
__HcstackBANK0                      cstackBANK0  000000
__HcstackCOMRAM                     cstackCOMRAM 000000
__Hdata                             data         000000
__Heeprom_data                      eeprom_data  000000
__Hfarbss                           farbss       000000
__Hfardata                          fardata      000000
__Hibigdata                         ibigdata     000000
__Hidata                            idata        000000
__Hidloc                            idloc        200008
__Hifardata                         ifardata     000000
__Hinit                             init         000012
__Hintcode                          intcode      00000E
__Hintcode_body                     intcode_body 000000
__Hintcodelo                        intcodelo    00000E
__Hintentry                         intentry     000000
__Hintret                           intret       000000
__Hintsave_regs                     intsave_regs 000000
__Hirdata                           irdata       000000
__Hmediumconst                      mediumconst  000000
__HnvFARRAM                         nvFARRAM     000000
__Hnvbit                            nvbit        000000
__Hnvrram                           nvrram       000000
__Hparam                            rparam       000000
__Hpowerup                          powerup      00000E
__Hram                              ram          000000
__Hramtop                           ramtop       001000
__Hrbit                             rbit         000000
__Hrbss                             rbss         000000
__Hrdata                            rdata        000000
__Hreset_vec                        reset_vec    000004
__Hrparam                           rparam       000000
__Hsfr                              sfr          000000
__Hsmallconst                       smallconst   00107E
__Hspace_0                          (abs)        30000E
__Hspace_1                          (abs)        0000A8
__Hspace_2                          (abs)        000000
__Hstack                            stack        000000
__Hstruct                           struct       000000
__Htemp                             temp         000060
__Htext                             text         000000
__Htext0                            text0        000000
__Htext1                            text1        000000
__Htext10                           text10       000000
__Htext11                           text11       000000
__Htext12                           text12       000000
__Htext13                           text13       000000
__Htext14                           text14       000000
__Htext15                           text15       000000
__Htext16                           text16       000000
__Htext17                           text17       000000
__Htext18                           text18       000000
__Htext19                           text19       000000
__Htext2                            text2        000000
__Htext20                           text20       000000
__Htext21                           text21       000000
__Htext22                           text22       000000
__Htext23                           text23       000000
__Htext24                           text24       000000
__Htext25                           text25       000000
__Htext27                           text27       000000
__Htext28                           text28       000000
__Htext29                           text29       000000
__Htext3                            text3        000000
__Htext30                           text30       000000
__Htext31                           text31       000000
__Htext32                           text32       000000
__Htext33                           text33       000000
__Htext34                           text34       000000
__Htext35                           text35       000000
__Htext36                           text36       000000
__Htext37                           text37       000000
__Htext38                           text38       000000
__Htext4                            text4        000000
__Htext5                            text5        000000
__Htext6                            text6        000000
__Htext7                            text7        000000
__Htext8                            text8        000000
__Htext9                            text9        000000
__LRAM                              (abs)        000001
__Labs1                             abs1         000000
__Lbank0                            bank0        000000
__Lbank1                            bank1        000000
__Lbank10                           bank10       000000
__Lbank11                           bank11       000000
__Lbank12                           bank12       000000
__Lbank13                           bank13       000000
__Lbank14                           bank14       000000
__Lbank15                           bank15       000000
__Lbank2                            bank2        000000
__Lbank3                            bank3        000000
__Lbank4                            bank4        000000
__Lbank5                            bank5        000000
__Lbank6                            bank6        000000
__Lbank7                            bank7        000000
__Lbank8                            bank8        000000
__Lbank9                            bank9        000000
__Lbigbss                           bigbss       000000
__Lbigdata                          bigdata      000000
__Lbigram                           bigram       000000
__Lbss                              bss          000000
__LbssCOMRAM                        bssCOMRAM    000000
__Lcinit                            cinit        000000
__Lclrtext                          clrtext      000000
__Lcomram                           comram       000000
__Lconfig                           config       300000
__Lconst                            const        000000
__LcstackBANK0                      cstackBANK0  000000
__LcstackCOMRAM                     cstackCOMRAM 000000
__Ldata                             data         000000
__Leeprom_data                      eeprom_data  000000
__Lfarbss                           farbss       000000
__Lfardata                          fardata      000000
__Libigdata                         ibigdata     000000
__Lidata                            idata        000000
__Lidloc                            idloc        200000
__Lifardata                         ifardata     000000
__Linit                             init         00000E
__Lintcode                          intcode      000008
__Lintcode_body                     intcode_body 000000
__Lintcodelo                        intcodelo    00000E
__Lintentry                         intentry     000000
__Lintret                           intret       000000
__Lintsave_regs                     intsave_regs 000000
__Lirdata                           irdata       000000
__Lmediumconst                      mediumconst  000000
__LnvFARRAM                         nvFARRAM     000000
__Lnvbit                            nvbit        000000
__Lnvrram                           nvrram       000000
__Lparam                            rparam       000000
__Lpowerup                          powerup      00000E
__Lram                              ram          000000
__Lramtop                           ramtop       001000
__Lrbit                             rbit         000000
__Lrbss                             rbss         000000
__Lrdata                            rdata        000000
__Lreset_vec                        reset_vec    000000
__Lrparam                           rparam       000000
__Lsfr                              sfr          000000
__Lsmallconst                       smallconst   001000
__Lspace_0                          (abs)        000000
__Lspace_1                          (abs)        000000
__Lspace_2                          (abs)        000000
__Lstack                            stack        000000
__Lstruct                           struct       000000
__Ltemp                             temp         00005F
__Ltext                             text         000000
__Ltext0                            text0        000000
__Ltext1                            text1        000000
__Ltext10                           text10       000000
__Ltext11                           text11       000000
__Ltext12                           text12       000000
__Ltext13                           text13       000000
__Ltext14                           text14       000000
__Ltext15                           text15       000000
__Ltext16                           text16       000000
__Ltext17                           text17       000000
__Ltext18                           text18       000000
__Ltext19                           text19       000000
__Ltext2                            text2        000000
__Ltext20                           text20       000000
__Ltext21                           text21       000000
__Ltext22                           text22       000000
__Ltext23                           text23       000000
__Ltext24                           text24       000000
__Ltext25                           text25       000000
__Ltext27                           text27       000000
__Ltext28                           text28       000000
__Ltext29                           text29       000000
__Ltext3                            text3        000000
__Ltext30                           text30       000000
__Ltext31                           text31       000000
__Ltext32                           text32       000000
__Ltext33                           text33       000000
__Ltext34                           text34       000000
__Ltext35                           text35       000000
__Ltext36                           text36       000000
__Ltext37                           text37       000000
__Ltext38                           text38       000000
__Ltext4                            text4        000000
__Ltext5                            text5        000000
__Ltext6                            text6        000000
__Ltext7                            text7        000000
__Ltext8                            text8        000000
__Ltext9                            text9        000000
__S0                                (abs)        30000E
__S1                                (abs)        0000A8
__S2                                (abs)        000000
___awmod                            text13       001BD4
___awmod@counter                    cstackCOMRAM 000025
___awmod@dividend                   cstackCOMRAM 000021
___awmod@divisor                    cstackCOMRAM 000023
___awmod@sign                       cstackCOMRAM 000026
___awtoft                           text11       001EC2
___awtoft@c                         cstackCOMRAM 000029
___awtoft@sign                      cstackCOMRAM 00002C
___ftdiv                            text10       0017D2
___ftdiv@cntr                       cstackCOMRAM 000036
___ftdiv@exp                        cstackCOMRAM 00003A
___ftdiv@f1                         cstackCOMRAM 00002D
___ftdiv@f2                         cstackCOMRAM 000030
___ftdiv@f3                         cstackCOMRAM 000037
___ftdiv@sign                       cstackCOMRAM 00003B
___ftmul                            text9        0015B4
___ftmul@cntr                       cstackBANK0  000084
___ftmul@exp                        cstackBANK0  000080
___ftmul@f1                         cstackCOMRAM 00003C
___ftmul@f2                         cstackCOMRAM 00003F
___ftmul@f3_as_product              cstackBANK0  000081
___ftmul@sign                       cstackBANK0  000085
___ftpack                           text12       001970
___ftpack@arg                       cstackCOMRAM 000021
___ftpack@exp                       cstackCOMRAM 000024
___ftpack@sign                      cstackCOMRAM 000025
___fttol                            text8        001470
___fttol@exp1                       cstackBANK0  000094
___fttol@f1                         cstackBANK0  000086
___fttol@lval                       cstackBANK0  000090
___fttol@sign1                      cstackBANK0  00008F
___inthi_sp                         stack        000000
___intlo_sp                         stack        000000
___param_bank                       (abs)        000000
___rparam_used                      (abs)        000001
___sp                               stack        000000
__accesstop                         (abs)        000080
__activetblptr                      (abs)        000002
__end_of___awmod                    text13       001C44
__end_of___awtoft                   text11       001EFA
__end_of___ftdiv                    text10       0018B8
__end_of___ftmul                    text9        0016D4
__end_of___ftpack                   text12       001A1E
__end_of___fttol                    text8        0015B4
__end_of__initialization            cinit        001FA4
__end_of_bottleComing               text24       001F28
__end_of_clearLCD                   text19       002070
__end_of_detectBottle               text22       001970
__end_of_dispCorrectScreen          text27       001B50
__end_of_dispDownloadToPCScreen     text32       00204E
__end_of_dispLogsDisplayMenuScreen  text31       002034
__end_of_dispLogsMenu               text30       00201A
__end_of_dispMainMenu               text15       001FCC
__end_of_dispSortingScreen          text29       002000
__end_of_getDistance                text25       001CB0
__end_of_initLCD                    text14       001EC2
__end_of_keypressed                 intcode_body 001ABA
__end_of_laserDetected              text23       002062
__end_of_lcdInst                    text20       0020A2
__end_of_lcdNibble                  text21       001E26
__end_of_lcdWrite                   text16       001F52
__end_of_main                       text0        001470
__end_of_printf                     text17       001D72
__end_of_putch                      text18       002096
__end_of_rotateContainers           text6        0012F2
__end_of_rotateStepperMotor         text7        0017D2
__end_of_setChamberEntrance         text5        001BD4
__end_of_setChamberExit             text4        0020BC
__end_of_setFanRotation             text3        001D14
__end_of_setLaserEmitter            text2        001F98
__end_of_setUpperDiscRotation       text1        00208A
__end_ofi2_clearLCD                 text36       00207E
__end_ofi2_dispMainMenu             text28       001FE6
__end_ofi2_lcdInst                  text37       0020BA
__end_ofi2_lcdNibble                text38       001E7C
__end_ofi2_lcdWrite                 text33       001F7C
__end_ofi2_printf                   text34       001DD0
__end_ofi2_putch                    text35       0020AE
__initialization                    cinit        001F98
__mediumconst                       mediumconst  000000
__pbssCOMRAM                        bssCOMRAM    000045
__pcinit                            cinit        001F98
__pcstackBANK0                      cstackBANK0  000080
__pcstackCOMRAM                     cstackCOMRAM 000001
__pintcode                          intcode      000008
__pintcode_body                     intcode_body 001A1E
__psmallconst                       smallconst   001000
__ptext0                            text0        0012F2
__ptext1                            text1        00207E
__ptext10                           text10       0017D2
__ptext11                           text11       001EC2
__ptext12                           text12       001970
__ptext13                           text13       001BD4
__ptext14                           text14       001E7C
__ptext15                           text15       001FB2
__ptext16                           text16       001F28
__ptext17                           text17       001D14
__ptext18                           text18       00208A
__ptext19                           text19       002062
__ptext2                            text2        001F7C
__ptext20                           text20       002096
__ptext21                           text21       001DD0
__ptext22                           text22       0018B8
__ptext23                           text23       00204E
__ptext24                           text24       001EFA
__ptext25                           text25       001C44
__ptext27                           text27       001ABA
__ptext28                           text28       001FCC
__ptext29                           text29       001FE6
__ptext3                            text3        001CB0
__ptext30                           text30       002000
__ptext31                           text31       00201A
__ptext32                           text32       002034
__ptext33                           text33       001F52
__ptext34                           text34       001D72
__ptext35                           text35       0020A2
__ptext36                           text36       002070
__ptext37                           text37       0020AE
__ptext38                           text38       001E26
__ptext4                            text4        0020BA
__ptext5                            text5        001B50
__ptext6                            text6        00107E
__ptext7                            text7        0016D4
__ptext8                            text8        001470
__ptext9                            text9        0015B4
__ramtop                            ramtop       001000
__size_of___awmod                   (abs)        000000
__size_of___awtoft                  (abs)        000000
__size_of___ftdiv                   (abs)        000000
__size_of___ftmul                   (abs)        000000
__size_of___ftpack                  (abs)        000000
__size_of___fttol                   (abs)        000000
__size_of_bottleComing              (abs)        000000
__size_of_clearLCD                  (abs)        000000
__size_of_detectBottle              (abs)        000000
__size_of_dispCorrectScreen         (abs)        000000
__size_of_dispDownloadToPCScreen    (abs)        000000
__size_of_dispLogsDisplayMenuScreen (abs)        000000
__size_of_dispLogsMenu              (abs)        000000
__size_of_dispMainMenu              (abs)        000000
__size_of_dispSortingScreen         (abs)        000000
__size_of_getDistance               (abs)        000000
__size_of_initLCD                   (abs)        000000
__size_of_keypressed                (abs)        000000
__size_of_laserDetected             (abs)        000000
__size_of_lcdInst                   (abs)        000000
__size_of_lcdNibble                 (abs)        000000
__size_of_lcdWrite                  (abs)        000000
__size_of_main                      (abs)        000000
__size_of_printf                    (abs)        000000
__size_of_putch                     (abs)        000000
__size_of_rotateContainers          (abs)        000000
__size_of_rotateStepperMotor        (abs)        000000
__size_of_setChamberEntrance        (abs)        000000
__size_of_setChamberExit            (abs)        000000
__size_of_setFanRotation            (abs)        000000
__size_of_setLaserEmitter           (abs)        000000
__size_of_setUpperDiscRotation      (abs)        000000
__size_ofi2_clearLCD                (abs)        000000
__size_ofi2_dispMainMenu            (abs)        000000
__size_ofi2_lcdInst                 (abs)        000000
__size_ofi2_lcdNibble               (abs)        000000
__size_ofi2_lcdWrite                (abs)        000000
__size_ofi2_printf                  (abs)        000000
__size_ofi2_putch                   (abs)        000000
__smallconst                        smallconst   001000
_bottleComing                       text24       001EFA
_clearLCD                           text19       002062
_currentScreen                      bssCOMRAM    000045
_detectBottle                       text22       0018B8
_detectedBottle                     bssCOMRAM    000047
_dispCorrectScreen                  text27       001ABA
_dispDownloadToPCScreen             text32       002034
_dispLogsDisplayMenuScreen          text31       00201A
_dispLogsMenu                       text30       002000
_dispMainMenu                       text15       001FB2
_dispSortingScreen                  text29       001FE6
_eskaCapPos                         bssCOMRAM    000049
_eskaNoCapPos                       bssCOMRAM    00004B
_getDistance                        text25       001C44
_initLCD                            text14       001E7C
_keypressed                         intcode      000008
_laserDetected                      text23       00204E
_lcdInst                            text20       002096
_lcdNibble                          text21       001DD0
_lcdWrite                           text16       001F28
_machineState                       bssCOMRAM    00004D
_main                               text0        0012F2
_numBottles                         bssCOMRAM    00004F
_numEskaCap                         bssCOMRAM    000051
_numEskaNoCap                       bssCOMRAM    000053
_numSeconds                         bssCOMRAM    000055
_numYopCap                          bssCOMRAM    000057
_numYopNoCap                        bssCOMRAM    000059
_printf                             text17       001D14
_putch                              text18       00208A
_rotateContainers                   text6        00107E
_rotateStepperMotor                 text7        0016D4
_setChamberEntrance                 text5        001B50
_setChamberExit                     text4        0020BA
_setFanRotation                     text3        001CB0
_setLaserEmitter                    text2        001F7C
_setUpperDiscRotation               text1        00207E
_yopCapPos                          bssCOMRAM    00005B
_yopNoCapPos                        bssCOMRAM    00005D
btemp                               temp         00005F
detectBottle@noCap                  cstackCOMRAM 000026
detectBottle@transparent            cstackCOMRAM 000024
dispCorrectScreen@key               cstackCOMRAM 00000E
end_of_initialization               cinit        001FA4
getDistance@ULTRASONIC_SENSOR       cstackCOMRAM 000021
i2_clearLCD                         text36       002070
i2_dispMainMenu                     text28       001FCC
i2_lcdInst                          text37       0020AE
i2_lcdNibble                        text38       001E26
i2_lcdWrite                         text33       001F52
i2_printf                           text34       001D72
i2_putch                            text35       0020A2
i2lcdInst@data                      cstackCOMRAM 000003
i2lcdNibble@data                    cstackCOMRAM 000002
i2lcdNibble@temp                    cstackCOMRAM 000001
i2lcdWrite@string1                  cstackCOMRAM 00000A
i2lcdWrite@string2                  cstackCOMRAM 00000C
i2printf@ap                         cstackCOMRAM 000006
i2printf@c                          cstackCOMRAM 000009
i2printf@f                          cstackCOMRAM 000004
i2printf@flag                       cstackCOMRAM 000008
i2putch@data                        cstackCOMRAM 000003
int$flags                           temp         00005F
int_func                            intcode_body 001A1E
intlevel0                           text         000000
intlevel1                           text         000000
intlevel2                           text         000000
intlevel3                           text         000000
keypressed@keypress                 cstackCOMRAM 00001F
lcdInst@data                        cstackCOMRAM 000023
lcdNibble@data                      cstackCOMRAM 000022
lcdNibble@temp                      cstackCOMRAM 000021
lcdWrite@string1                    cstackCOMRAM 00002A
lcdWrite@string2                    cstackCOMRAM 00002C
printf@ap                           cstackCOMRAM 000026
printf@c                            cstackCOMRAM 000029
printf@f                            cstackCOMRAM 000024
printf@flag                         cstackCOMRAM 000028
putch@data                          cstackCOMRAM 000023
rotateContainers@containerPos       cstackBANK0  0000A4
rotateStepperMotor@angularSpeed     cstackBANK0  000097
rotateStepperMotor@degrees          cstackBANK0  000095
rotateStepperMotor@delay            cstackBANK0  00009D
rotateStepperMotor@direction        cstackBANK0  000099
rotateStepperMotor@i                cstackBANK0  0000A2
rotateStepperMotor@numSteps         cstackBANK0  0000A0
setChamberEntrance@i                cstackCOMRAM 000024
setChamberEntrance@i_532            cstackCOMRAM 000026
setChamberEntrance@open             cstackCOMRAM 000021
setChamberExit@open                 cstackCOMRAM 000021
setFanRotation@direction            cstackCOMRAM 000021
setLaserEmitter@emit                cstackCOMRAM 000021
setUpperDiscRotation@on             cstackCOMRAM 000021
stackhi                             (abs)        000F7F
stacklo                             (abs)        0000A8
start                               init         00000E
start_initialization                cinit        001F98


FUNCTION INFORMATION:

 *************** function _main *****************
 Defined at:
		line 45 in file "main.c"
 Parameters:    Size  Location     Type
		None
 Auto vars:     Size  Location     Type
		None
 Return value:  Size  Location     Type
                  1    wreg      void 
 Registers used:
		wreg, status,2, status,0, tblptrl, tblptrh, tblptru, cstack
 Tracked objects:
		On entry : 
		On exit  : 
		Unchanged: 
 Data sizes:     COMRAM   BANK0   BANK1   BANK2   BANK3   BANK4   BANK5   BANK6   BANK7   BANK8   BANK9  BANK10  BANK11  BANK12  BANK13  BANK14  BANK15
      Params:         0       0       0       0       0       0       0       0       0       0       0       0       0       0       0       0       0
      Locals:         0       0       0       0       0       0       0       0       0       0       0       0       0       0       0       0       0
      Temps:          0       2       0       0       0       0       0       0       0       0       0       0       0       0       0       0       0
      Totals:         0       2       0       0       0       0       0       0       0       0       0       0       0       0       0       0       0
Total ram usage:        2 bytes
 Hardware stack levels required when called:   12
 This function calls:
		_bottleComing
		_detectBottle
		_dispMainMenu
		_initLCD
		_rotateContainers
		_setChamberEntrance
		_setChamberExit
		_setFanRotation
		_setLaserEmitter
		_setUpperDiscRotation
 This function is called by:
		Startup code after reset
 This function uses a non-reentrant model


 *************** function _setUpperDiscRotation *****************
 Defined at:
		line 37 in file "controlMotors.c"
 Parameters:    Size  Location     Type
  on              2   32[COMRAM] int 
 Auto vars:     Size  Location     Type
		None
 Return value:  Size  Location     Type
                  1    wreg      void 
 Registers used:
		None
 Tracked objects:
		On entry : 
		On exit  : 
		Unchanged: 
 Data sizes:     COMRAM   BANK0   BANK1   BANK2   BANK3   BANK4   BANK5   BANK6   BANK7   BANK8   BANK9  BANK10  BANK11  BANK12  BANK13  BANK14  BANK15
      Params:         2       0       0       0       0       0       0       0       0       0       0       0       0       0       0       0       0
      Locals:         0       0       0       0       0       0       0       0       0       0       0       0       0       0       0       0       0
      Temps:          0       0       0       0       0       0       0       0       0       0       0       0       0       0       0       0       0
      Totals:         2       0       0       0       0       0       0       0       0       0       0       0       0       0       0       0       0
Total ram usage:        2 bytes
 Hardware stack levels used:    1
 Hardware stack levels required when called:    7
 This function calls:
		Nothing
 This function is called by:
		_main
 This function uses a non-reentrant model


 *************** function _setLaserEmitter *****************
 Defined at:
		line 56 in file "controlSensors.c"
 Parameters:    Size  Location     Type
  emit            2   32[COMRAM] int 
 Auto vars:     Size  Location     Type
		None
 Return value:  Size  Location     Type
                  1    wreg      void 
 Registers used:
		wreg, status,2, status,0
 Tracked objects:
		On entry : 
		On exit  : 
		Unchanged: 
 Data sizes:     COMRAM   BANK0   BANK1   BANK2   BANK3   BANK4   BANK5   BANK6   BANK7   BANK8   BANK9  BANK10  BANK11  BANK12  BANK13  BANK14  BANK15
      Params:         2       0       0       0       0       0       0       0       0       0       0       0       0       0       0       0       0
      Locals:         0       0       0       0       0       0       0       0       0       0       0       0       0       0       0       0       0
      Temps:          0       0       0       0       0       0       0       0       0       0       0       0       0       0       0       0       0
      Totals:         2       0       0       0       0       0       0       0       0       0       0       0       0       0       0       0       0
Total ram usage:        2 bytes
 Hardware stack levels used:    1
 Hardware stack levels required when called:    7
 This function calls:
		Nothing
 This function is called by:
		_main
 This function uses a non-reentrant model


 *************** function _setFanRotation *****************
 Defined at:
		line 41 in file "controlMotors.c"
 Parameters:    Size  Location     Type
  direction       2   32[COMRAM] int 
 Auto vars:     Size  Location     Type
		None
 Return value:  Size  Location     Type
                  1    wreg      void 
 Registers used:
		wreg, status,2, status,0
 Tracked objects:
		On entry : 
		On exit  : 
		Unchanged: 
 Data sizes:     COMRAM   BANK0   BANK1   BANK2   BANK3   BANK4   BANK5   BANK6   BANK7   BANK8   BANK9  BANK10  BANK11  BANK12  BANK13  BANK14  BANK15
      Params:         2       0       0       0       0       0       0       0       0       0       0       0       0       0       0       0       0
      Locals:         0       0       0       0       0       0       0       0       0       0       0       0       0       0       0       0       0
      Temps:          1       0       0       0       0       0       0       0       0       0       0       0       0       0       0       0       0
      Totals:         3       0       0       0       0       0       0       0       0       0       0       0       0       0       0       0       0
Total ram usage:        3 bytes
 Hardware stack levels used:    1
 Hardware stack levels required when called:    7
 This function calls:
		Nothing
 This function is called by:
		_main
 This function uses a non-reentrant model


 *************** function _setChamberExit *****************
 Defined at:
		line 93 in file "controlMotors.c"
 Parameters:    Size  Location     Type
  open            2   32[COMRAM] int 
 Auto vars:     Size  Location     Type
		None
 Return value:  Size  Location     Type
                  1    wreg      void 
 Registers used:
		wreg, status,2, status,0
 Tracked objects:
		On entry : 
		On exit  : 
		Unchanged: 
 Data sizes:     COMRAM   BANK0   BANK1   BANK2   BANK3   BANK4   BANK5   BANK6   BANK7   BANK8   BANK9  BANK10  BANK11  BANK12  BANK13  BANK14  BANK15
      Params:         2       0       0       0       0       0       0       0       0       0       0       0       0       0       0       0       0
      Locals:         0       0       0       0       0       0       0       0       0       0       0       0       0       0       0       0       0
      Temps:          0       0       0       0       0       0       0       0       0       0       0       0       0       0       0       0       0
      Totals:         2       0       0       0       0       0       0       0       0       0       0       0       0       0       0       0       0
Total ram usage:        2 bytes
 Hardware stack levels used:    1
 Hardware stack levels required when called:    7
 This function calls:
		Nothing
 This function is called by:
		_main
 This function uses a non-reentrant model


 *************** function _setChamberEntrance *****************
 Defined at:
		line 69 in file "controlMotors.c"
 Parameters:    Size  Location     Type
  open            2   32[COMRAM] int 
 Auto vars:     Size  Location     Type
  i               2   37[COMRAM] int 
  i               2   35[COMRAM] int 
 Return value:  Size  Location     Type
                  1    wreg      void 
 Registers used:
		wreg, status,2, status,0
 Tracked objects:
		On entry : 
		On exit  : 
		Unchanged: 
 Data sizes:     COMRAM   BANK0   BANK1   BANK2   BANK3   BANK4   BANK5   BANK6   BANK7   BANK8   BANK9  BANK10  BANK11  BANK12  BANK13  BANK14  BANK15
      Params:         2       0       0       0       0       0       0       0       0       0       0       0       0       0       0       0       0
      Locals:         4       0       0       0       0       0       0       0       0       0       0       0       0       0       0       0       0
      Temps:          1       0       0       0       0       0       0       0       0       0       0       0       0       0       0       0       0
      Totals:         7       0       0       0       0       0       0       0       0       0       0       0       0       0       0       0       0
Total ram usage:        7 bytes
 Hardware stack levels used:    1
 Hardware stack levels required when called:    7
 This function calls:
		Nothing
 This function is called by:
		_main
 This function uses a non-reentrant model


 *************** function _rotateContainers *****************
 Defined at:
		line 105 in file "controlMotors.c"
 Parameters:    Size  Location     Type
		None
 Auto vars:     Size  Location     Type
  containerPos    2   36[BANK0 ] int 
 Return value:  Size  Location     Type
                  2   50[None  ] int 
 Registers used:
		wreg, status,2, status,0, cstack
 Tracked objects:
		On entry : 
		On exit  : 
		Unchanged: 
 Data sizes:     COMRAM   BANK0   BANK1   BANK2   BANK3   BANK4   BANK5   BANK6   BANK7   BANK8   BANK9  BANK10  BANK11  BANK12  BANK13  BANK14  BANK15
      Params:         0       0       0       0       0       0       0       0       0       0       0       0       0       0       0       0       0
      Locals:         0       2       0       0       0       0       0       0       0       0       0       0       0       0       0       0       0
      Temps:          0       0       0       0       0       0       0       0       0       0       0       0       0       0       0       0       0
      Totals:         0       2       0       0       0       0       0       0       0       0       0       0       0       0       0       0       0
Total ram usage:        2 bytes
 Hardware stack levels used:    1
 Hardware stack levels required when called:   10
 This function calls:
		___awmod
		_rotateStepperMotor
 This function is called by:
		_main
 This function uses a non-reentrant model


 *************** function _rotateStepperMotor *****************
 Defined at:
		line 11 in file "controlMotors.c"
 Parameters:    Size  Location     Type
  degrees         2   21[BANK0 ] int 
  angularSpeed    2   23[BANK0 ] int 
  direction       2   25[BANK0 ] int 
 Auto vars:     Size  Location     Type
  i               2   34[BANK0 ] int 
  delay           3   29[BANK0 ] int 
  numSteps        2   32[BANK0 ] int 
 Return value:  Size  Location     Type
                  1    wreg      void 
 Registers used:
		wreg, status,2, status,0, cstack
 Tracked objects:
		On entry : 
		On exit  : 
		Unchanged: 
 Data sizes:     COMRAM   BANK0   BANK1   BANK2   BANK3   BANK4   BANK5   BANK6   BANK7   BANK8   BANK9  BANK10  BANK11  BANK12  BANK13  BANK14  BANK15
      Params:         0       6       0       0       0       0       0       0       0       0       0       0       0       0       0       0       0
      Locals:         0       7       0       0       0       0       0       0       0       0       0       0       0       0       0       0       0
      Temps:          0       2       0       0       0       0       0       0       0       0       0       0       0       0       0       0       0
      Totals:         0      15       0       0       0       0       0       0       0       0       0       0       0       0       0       0       0
Total ram usage:       15 bytes
 Hardware stack levels used:    1
 Hardware stack levels required when called:    9
 This function calls:
		___awtoft
		___ftdiv
		___ftmul
		___fttol
 This function is called by:
		_rotateContainers
 This function uses a non-reentrant model


 *************** function ___fttol *****************
 Defined at:
		line 44 in file "/opt/microchip/xc8/v1.40/sources/common/fttol.c"
 Parameters:    Size  Location     Type
  f1              3    6[BANK0 ] float 
 Auto vars:     Size  Location     Type
  lval            4   16[BANK0 ] unsigned long 
  exp1            1   20[BANK0 ] unsigned char 
  sign1           1   15[BANK0 ] unsigned char 
 Return value:  Size  Location     Type
                  4    6[BANK0 ] long 
 Registers used:
		wreg, status,2, status,0
 Tracked objects:
		On entry : 
		On exit  : 
		Unchanged: 
 Data sizes:     COMRAM   BANK0   BANK1   BANK2   BANK3   BANK4   BANK5   BANK6   BANK7   BANK8   BANK9  BANK10  BANK11  BANK12  BANK13  BANK14  BANK15
      Params:         0       4       0       0       0       0       0       0       0       0       0       0       0       0       0       0       0
      Locals:         0       6       0       0       0       0       0       0       0       0       0       0       0       0       0       0       0
      Temps:          0       5       0       0       0       0       0       0       0       0       0       0       0       0       0       0       0
      Totals:         0      15       0       0       0       0       0       0       0       0       0       0       0       0       0       0       0
Total ram usage:       15 bytes
 Hardware stack levels used:    1
 Hardware stack levels required when called:    7
 This function calls:
		Nothing
 This function is called by:
		_rotateStepperMotor
 This function uses a non-reentrant model


 *************** function ___ftmul *****************
 Defined at:
		line 62 in file "/opt/microchip/xc8/v1.40/sources/common/ftmul.c"
 Parameters:    Size  Location     Type
  f1              3   59[COMRAM] float 
  f2              3   62[COMRAM] float 
 Auto vars:     Size  Location     Type
  f3_as_produc    3    1[BANK0 ] unsigned um
  sign            1    5[BANK0 ] unsigned char 
  cntr            1    4[BANK0 ] unsigned char 
  exp             1    0[BANK0 ] unsigned char 
 Return value:  Size  Location     Type
                  3   59[COMRAM] float 
 Registers used:
		wreg, status,2, status,0, cstack
 Tracked objects:
		On entry : 
		On exit  : 
		Unchanged: 
 Data sizes:     COMRAM   BANK0   BANK1   BANK2   BANK3   BANK4   BANK5   BANK6   BANK7   BANK8   BANK9  BANK10  BANK11  BANK12  BANK13  BANK14  BANK15
      Params:         6       0       0       0       0       0       0       0       0       0       0       0       0       0       0       0       0
      Locals:         0       6       0       0       0       0       0       0       0       0       0       0       0       0       0       0       0
      Temps:          3       0       0       0       0       0       0       0       0       0       0       0       0       0       0       0       0
      Totals:         9       6       0       0       0       0       0       0       0       0       0       0       0       0       0       0       0
Total ram usage:       15 bytes
 Hardware stack levels used:    1
 Hardware stack levels required when called:    8
 This function calls:
		___ftpack
 This function is called by:
		_rotateStepperMotor
 This function uses a non-reentrant model


 *************** function ___ftdiv *****************
 Defined at:
		line 54 in file "/opt/microchip/xc8/v1.40/sources/common/ftdiv.c"
 Parameters:    Size  Location     Type
  f1              3   44[COMRAM] float 
  f2              3   47[COMRAM] float 
 Auto vars:     Size  Location     Type
  f3              3   54[COMRAM] float 
  sign            1   58[COMRAM] unsigned char 
  exp             1   57[COMRAM] unsigned char 
  cntr            1   53[COMRAM] unsigned char 
 Return value:  Size  Location     Type
                  3   44[COMRAM] float 
 Registers used:
		wreg, status,2, status,0, cstack
 Tracked objects:
		On entry : 
		On exit  : 
		Unchanged: 
 Data sizes:     COMRAM   BANK0   BANK1   BANK2   BANK3   BANK4   BANK5   BANK6   BANK7   BANK8   BANK9  BANK10  BANK11  BANK12  BANK13  BANK14  BANK15
      Params:         6       0       0       0       0       0       0       0       0       0       0       0       0       0       0       0       0
      Locals:         6       0       0       0       0       0       0       0       0       0       0       0       0       0       0       0       0
      Temps:          3       0       0       0       0       0       0       0       0       0       0       0       0       0       0       0       0
      Totals:        15       0       0       0       0       0       0       0       0       0       0       0       0       0       0       0       0
Total ram usage:       15 bytes
 Hardware stack levels used:    1
 Hardware stack levels required when called:    8
 This function calls:
		___ftpack
 This function is called by:
		_rotateStepperMotor
 This function uses a non-reentrant model


 *************** function ___awtoft *****************
 Defined at:
		line 32 in file "/opt/microchip/xc8/v1.40/sources/common/awtoft.c"
 Parameters:    Size  Location     Type
  c               2   40[COMRAM] int 
 Auto vars:     Size  Location     Type
  sign            1   43[COMRAM] unsigned char 
 Return value:  Size  Location     Type
                  3   40[COMRAM] float 
 Registers used:
		wreg, status,2, status,0, cstack
 Tracked objects:
		On entry : 
		On exit  : 
		Unchanged: 
 Data sizes:     COMRAM   BANK0   BANK1   BANK2   BANK3   BANK4   BANK5   BANK6   BANK7   BANK8   BANK9  BANK10  BANK11  BANK12  BANK13  BANK14  BANK15
      Params:         3       0       0       0       0       0       0       0       0       0       0       0       0       0       0       0       0
      Locals:         1       0       0       0       0       0       0       0       0       0       0       0       0       0       0       0       0
      Temps:          0       0       0       0       0       0       0       0       0       0       0       0       0       0       0       0       0
      Totals:         4       0       0       0       0       0       0       0       0       0       0       0       0       0       0       0       0
Total ram usage:        4 bytes
 Hardware stack levels used:    1
 Hardware stack levels required when called:    8
 This function calls:
		___ftpack
 This function is called by:
		_rotateStepperMotor
 This function uses a non-reentrant model


 *************** function ___ftpack *****************
 Defined at:
		line 62 in file "/opt/microchip/xc8/v1.40/sources/common/float.c"
 Parameters:    Size  Location     Type
  arg             3   32[COMRAM] unsigned um
  exp             1   35[COMRAM] unsigned char 
  sign            1   36[COMRAM] unsigned char 
 Auto vars:     Size  Location     Type
		None
 Return value:  Size  Location     Type
                  3   32[COMRAM] float 
 Registers used:
		wreg, status,2, status,0
 Tracked objects:
		On entry : 
		On exit  : 
		Unchanged: 
 Data sizes:     COMRAM   BANK0   BANK1   BANK2   BANK3   BANK4   BANK5   BANK6   BANK7   BANK8   BANK9  BANK10  BANK11  BANK12  BANK13  BANK14  BANK15
      Params:         5       0       0       0       0       0       0       0       0       0       0       0       0       0       0       0       0
      Locals:         0       0       0       0       0       0       0       0       0       0       0       0       0       0       0       0       0
      Temps:          3       0       0       0       0       0       0       0       0       0       0       0       0       0       0       0       0
      Totals:         8       0       0       0       0       0       0       0       0       0       0       0       0       0       0       0       0
Total ram usage:        8 bytes
 Hardware stack levels used:    1
 Hardware stack levels required when called:    7
 This function calls:
		Nothing
 This function is called by:
		___awtoft
		___ftdiv
		___ftmul
 This function uses a non-reentrant model


 *************** function ___awmod *****************
 Defined at:
		line 8 in file "/opt/microchip/xc8/v1.40/sources/common/awmod.c"
 Parameters:    Size  Location     Type
  dividend        2   32[COMRAM] int 
  divisor         2   34[COMRAM] int 
 Auto vars:     Size  Location     Type
  sign            1   37[COMRAM] unsigned char 
  counter         1   36[COMRAM] unsigned char 
 Return value:  Size  Location     Type
                  2   32[COMRAM] int 
 Registers used:
		wreg, status,2, status,0
 Tracked objects:
		On entry : 
		On exit  : 
		Unchanged: 
 Data sizes:     COMRAM   BANK0   BANK1   BANK2   BANK3   BANK4   BANK5   BANK6   BANK7   BANK8   BANK9  BANK10  BANK11  BANK12  BANK13  BANK14  BANK15
      Params:         4       0       0       0       0       0       0       0       0       0       0       0       0       0       0       0       0
      Locals:         2       0       0       0       0       0       0       0       0       0       0       0       0       0       0       0       0
      Temps:          0       0       0       0       0       0       0       0       0       0       0       0       0       0       0       0       0
      Totals:         6       0       0       0       0       0       0       0       0       0       0       0       0       0       0       0       0
Total ram usage:        6 bytes
 Hardware stack levels used:    1
 Hardware stack levels required when called:    7
 This function calls:
		Nothing
 This function is called by:
		_rotateContainers
 This function uses a non-reentrant model


 *************** function _initLCD *****************
 Defined at:
		line 10 in file "LCD.c"
 Parameters:    Size  Location     Type
		None
 Auto vars:     Size  Location     Type
		None
 Return value:  Size  Location     Type
                  1    wreg      void 
 Registers used:
		wreg, status,2, status,0, cstack
 Tracked objects:
		On entry : 
		On exit  : 
		Unchanged: 
 Data sizes:     COMRAM   BANK0   BANK1   BANK2   BANK3   BANK4   BANK5   BANK6   BANK7   BANK8   BANK9  BANK10  BANK11  BANK12  BANK13  BANK14  BANK15
      Params:         0       0       0       0       0       0       0       0       0       0       0       0       0       0       0       0       0
      Locals:         0       0       0       0       0       0       0       0       0       0       0       0       0       0       0       0       0
      Temps:          1       0       0       0       0       0       0       0       0       0       0       0       0       0       0       0       0
      Totals:         1       0       0       0       0       0       0       0       0       0       0       0       0       0       0       0       0
Total ram usage:        1 bytes
 Hardware stack levels used:    1
 Hardware stack levels required when called:    9
 This function calls:
		_lcdInst
 This function is called by:
		_main
 This function uses a non-reentrant model


 *************** function _dispMainMenu *****************
 Defined at:
		line 67 in file "LCD.c"
 Parameters:    Size  Location     Type
		None
 Auto vars:     Size  Location     Type
		None
 Return value:  Size  Location     Type
                  1    wreg      void 
 Registers used:
		wreg, status,2, status,0, tblptrl, tblptrh, tblptru, cstack
 Tracked objects:
		On entry : 
		On exit  : 
		Unchanged: 
 Data sizes:     COMRAM   BANK0   BANK1   BANK2   BANK3   BANK4   BANK5   BANK6   BANK7   BANK8   BANK9  BANK10  BANK11  BANK12  BANK13  BANK14  BANK15
      Params:         0       0       0       0       0       0       0       0       0       0       0       0       0       0       0       0       0
      Locals:         0       0       0       0       0       0       0       0       0       0       0       0       0       0       0       0       0
      Temps:          0       0       0       0       0       0       0       0       0       0       0       0       0       0       0       0       0
      Totals:         0       0       0       0       0       0       0       0       0       0       0       0       0       0       0       0       0
Total ram usage:        0 bytes
 Hardware stack levels used:    1
 Hardware stack levels required when called:   11
 This function calls:
		_clearLCD
		_lcdWrite
 This function is called by:
		_main
 This function uses a non-reentrant model


 *************** function _lcdWrite *****************
 Defined at:
		line 54 in file "LCD.c"
 Parameters:    Size  Location     Type
  string1         2   41[COMRAM] PTR unsigned char 
		 -> STR_9(16), STR_7(17), STR_5(17), STR_3(11), 
		 -> STR_1(17), 
  string2         2   43[COMRAM] PTR unsigned char 
		 -> STR_10(1), STR_8(11), STR_6(12), STR_4(5), 
		 -> STR_2(17), 
 Auto vars:     Size  Location     Type
		None
 Return value:  Size  Location     Type
                  1    wreg      void 
 Registers used:
		wreg, status,2, status,0, tblptrl, tblptrh, tblptru, cstack
 Tracked objects:
		On entry : 
		On exit  : 
		Unchanged: 
 Data sizes:     COMRAM   BANK0   BANK1   BANK2   BANK3   BANK4   BANK5   BANK6   BANK7   BANK8   BANK9  BANK10  BANK11  BANK12  BANK13  BANK14  BANK15
      Params:         4       0       0       0       0       0       0       0       0       0       0       0       0       0       0       0       0
      Locals:         0       0       0       0       0       0       0       0       0       0       0       0       0       0       0       0       0
      Temps:          0       0       0       0       0       0       0       0       0       0       0       0       0       0       0       0       0
      Totals:         4       0       0       0       0       0       0       0       0       0       0       0       0       0       0       0       0
Total ram usage:        4 bytes
 Hardware stack levels used:    1
 Hardware stack levels required when called:   10
 This function calls:
		_clearLCD
		_lcdInst
		_printf
 This function is called by:
		_dispMainMenu
 This function uses a non-reentrant model


 *************** function _printf *****************
 Defined at:
		line 464 in file "/opt/microchip/xc8/v1.40/sources/common/doprnt.c"
 Parameters:    Size  Location     Type
  f               2   35[COMRAM] PTR const unsigned char 
		 -> STR_10(1), STR_9(16), STR_8(11), STR_7(17), 
		 -> STR_6(12), STR_5(17), STR_4(5), STR_3(11), 
		 -> STR_2(17), STR_1(17), 
 Auto vars:     Size  Location     Type
  tmpval          4    0        struct .
  cp              3    0        PTR const unsigned char 
  ap              2   37[COMRAM] PTR void [1]
		 -> ?i2_printf(2), ?_printf(2), 
  len             2    0        unsigned int 
  val             2    0        unsigned int 
  c               1   40[COMRAM] char 
  flag            1   39[COMRAM] unsigned char 
  prec            1    0        char 
 Return value:  Size  Location     Type
                  2   35[COMRAM] int 
 Registers used:
		wreg, status,2, status,0, tblptrl, tblptrh, tblptru, cstack
 Tracked objects:
		On entry : 
		On exit  : 
		Unchanged: 
 Data sizes:     COMRAM   BANK0   BANK1   BANK2   BANK3   BANK4   BANK5   BANK6   BANK7   BANK8   BANK9  BANK10  BANK11  BANK12  BANK13  BANK14  BANK15
      Params:         2       0       0       0       0       0       0       0       0       0       0       0       0       0       0       0       0
      Locals:         4       0       0       0       0       0       0       0       0       0       0       0       0       0       0       0       0
      Temps:          0       0       0       0       0       0       0       0       0       0       0       0       0       0       0       0       0
      Totals:         6       0       0       0       0       0       0       0       0       0       0       0       0       0       0       0       0
Total ram usage:        6 bytes
 Hardware stack levels used:    1
 Hardware stack levels required when called:    9
 This function calls:
		_putch
 This function is called by:
		_lcdWrite
 This function uses a non-reentrant model


 *************** function _putch *****************
 Defined at:
		line 26 in file "LCD.c"
 Parameters:    Size  Location     Type
  data            1    wreg     unsigned char 
 Auto vars:     Size  Location     Type
  data            1   34[COMRAM] unsigned char 
 Return value:  Size  Location     Type
                  1    wreg      void 
 Registers used:
		wreg, status,2, status,0, cstack
 Tracked objects:
		On entry : 
		On exit  : 
		Unchanged: 
 Data sizes:     COMRAM   BANK0   BANK1   BANK2   BANK3   BANK4   BANK5   BANK6   BANK7   BANK8   BANK9  BANK10  BANK11  BANK12  BANK13  BANK14  BANK15
      Params:         0       0       0       0       0       0       0       0       0       0       0       0       0       0       0       0       0
      Locals:         1       0       0       0       0       0       0       0       0       0       0       0       0       0       0       0       0
      Temps:          0       0       0       0       0       0       0       0       0       0       0       0       0       0       0       0       0
      Totals:         1       0       0       0       0       0       0       0       0       0       0       0       0       0       0       0       0
Total ram usage:        1 bytes
 Hardware stack levels used:    1
 Hardware stack levels required when called:    8
 This function calls:
		_lcdNibble
 This function is called by:
		_printf
 This function uses a non-reentrant model


 *************** function _clearLCD *****************
 Defined at:
		line 62 in file "LCD.c"
 Parameters:    Size  Location     Type
		None
 Auto vars:     Size  Location     Type
		None
 Return value:  Size  Location     Type
                  1    wreg      void 
 Registers used:
		wreg, status,2, status,0, cstack
 Tracked objects:
		On entry : 
		On exit  : 
		Unchanged: 
 Data sizes:     COMRAM   BANK0   BANK1   BANK2   BANK3   BANK4   BANK5   BANK6   BANK7   BANK8   BANK9  BANK10  BANK11  BANK12  BANK13  BANK14  BANK15
      Params:         0       0       0       0       0       0       0       0       0       0       0       0       0       0       0       0       0
      Locals:         0       0       0       0       0       0       0       0       0       0       0       0       0       0       0       0       0
      Temps:          0       0       0       0       0       0       0       0       0       0       0       0       0       0       0       0       0
      Totals:         0       0       0       0       0       0       0       0       0       0       0       0       0       0       0       0       0
Total ram usage:        0 bytes
 Hardware stack levels used:    1
 Hardware stack levels required when called:    9
 This function calls:
		_lcdInst
 This function is called by:
		_lcdWrite
		_dispMainMenu
 This function uses a non-reentrant model


 *************** function _lcdInst *****************
 Defined at:
		line 21 in file "LCD.c"
 Parameters:    Size  Location     Type
  data            1    wreg     unsigned char 
 Auto vars:     Size  Location     Type
  data            1   34[COMRAM] unsigned char 
 Return value:  Size  Location     Type
                  1    wreg      void 
 Registers used:
		wreg, status,2, status,0, cstack
 Tracked objects:
		On entry : 
		On exit  : 
		Unchanged: 
 Data sizes:     COMRAM   BANK0   BANK1   BANK2   BANK3   BANK4   BANK5   BANK6   BANK7   BANK8   BANK9  BANK10  BANK11  BANK12  BANK13  BANK14  BANK15
      Params:         0       0       0       0       0       0       0       0       0       0       0       0       0       0       0       0       0
      Locals:         1       0       0       0       0       0       0       0       0       0       0       0       0       0       0       0       0
      Temps:          0       0       0       0       0       0       0       0       0       0       0       0       0       0       0       0       0
      Totals:         1       0       0       0       0       0       0       0       0       0       0       0       0       0       0       0       0
Total ram usage:        1 bytes
 Hardware stack levels used:    1
 Hardware stack levels required when called:    8
 This function calls:
		_lcdNibble
 This function is called by:
		_initLCD
		_lcdWrite
		_clearLCD
 This function uses a non-reentrant model


 *************** function _lcdNibble *****************
 Defined at:
		line 31 in file "LCD.c"
 Parameters:    Size  Location     Type
  data            1    wreg     unsigned char 
 Auto vars:     Size  Location     Type
  data            1   33[COMRAM] unsigned char 
  temp            1   32[COMRAM] unsigned char 
 Return value:  Size  Location     Type
                  1    wreg      void 
 Registers used:
		wreg, status,2, status,0
 Tracked objects:
		On entry : 
		On exit  : 
		Unchanged: 
 Data sizes:     COMRAM   BANK0   BANK1   BANK2   BANK3   BANK4   BANK5   BANK6   BANK7   BANK8   BANK9  BANK10  BANK11  BANK12  BANK13  BANK14  BANK15
      Params:         0       0       0       0       0       0       0       0       0       0       0       0       0       0       0       0       0
      Locals:         2       0       0       0       0       0       0       0       0       0       0       0       0       0       0       0       0
      Temps:          0       0       0       0       0       0       0       0       0       0       0       0       0       0       0       0       0
      Totals:         2       0       0       0       0       0       0       0       0       0       0       0       0       0       0       0       0
Total ram usage:        2 bytes
 Hardware stack levels used:    1
 Hardware stack levels required when called:    7
 This function calls:
		Nothing
 This function is called by:
		_lcdInst
		_putch
 This function uses a non-reentrant model


 *************** function _detectBottle *****************
 Defined at:
		line 85 in file "controlSensors.c"
 Parameters:    Size  Location     Type
		None
 Auto vars:     Size  Location     Type
  noCap           2   37[COMRAM] int 
  transparent     2   35[COMRAM] int 
 Return value:  Size  Location     Type
                  1    wreg      void 
 Registers used:
		wreg, status,2, status,0, cstack
 Tracked objects:
		On entry : 
		On exit  : 
		Unchanged: 
 Data sizes:     COMRAM   BANK0   BANK1   BANK2   BANK3   BANK4   BANK5   BANK6   BANK7   BANK8   BANK9  BANK10  BANK11  BANK12  BANK13  BANK14  BANK15
      Params:         0       0       0       0       0       0       0       0       0       0       0       0       0       0       0       0       0
      Locals:         4       0       0       0       0       0       0       0       0       0       0       0       0       0       0       0       0
[...]
 This function is called by:
		_keypressed
 This function uses a non-reentrant model


 *************** function i2_dispMainMenu *****************
 Defined at:
		line 67 in file "LCD.c"
 Parameters:    Size  Location     Type
		None
 Auto vars:     Size  Location     Type
		None
 Return value:  Size  Location     Type
                  1    wreg      void 
 Registers used:
		wreg, status,2, status,0, tblptrl, tblptrh, tblptru, cstack
 Tracked objects:
		On entry : 
		On exit  : 
		Unchanged: 
 Data sizes:     COMRAM   BANK0   BANK1   BANK2   BANK3   BANK4   BANK5   BANK6   BANK7   BANK8   BANK9  BANK10  BANK11  BANK12  BANK13  BANK14  BANK15
      Params:         0       0       0       0       0       0       0       0       0       0       0       0       0       0       0       0       0
      Locals:         0       0       0       0       0       0       0       0       0       0       0       0       0       0       0       0       0
      Temps:          0       0       0       0       0       0       0       0       0       0       0       0       0       0       0       0       0
      Totals:         0       0       0       0       0       0       0       0       0       0       0       0       0       0       0       0       0
Total ram usage:        0 bytes
 Hardware stack levels used:    1
 Hardware stack levels required when called:    4
 This function calls:
		i2_clearLCD
		i2_lcdWrite
 This function is called by:
		_dispCorrectScreen
 This function uses a non-reentrant model


 *************** function _dispSortingScreen *****************
 Defined at:
		line 72 in file "LCD.c"
 Parameters:    Size  Location     Type
		None
 Auto vars:     Size  Location     Type
		None
 Return value:  Size  Location     Type
                  1    wreg      void 
 Registers used:
		wreg, status,2, status,0, tblptrl, tblptrh, tblptru, cstack
 Tracked objects:
		On entry : 
		On exit  : 
		Unchanged: 
 Data sizes:     COMRAM   BANK0   BANK1   BANK2   BANK3   BANK4   BANK5   BANK6   BANK7   BANK8   BANK9  BANK10  BANK11  BANK12  BANK13  BANK14  BANK15
      Params:         0       0       0       0       0       0       0       0       0       0       0       0       0       0       0       0       0
      Locals:         0       0       0       0       0       0       0       0       0       0       0       0       0       0       0       0       0
      Temps:          0       0       0       0       0       0       0       0       0       0       0       0       0       0       0       0       0
      Totals:         0       0       0       0       0       0       0       0       0       0       0       0       0       0       0       0       0
Total ram usage:        0 bytes
 Hardware stack levels used:    1
 Hardware stack levels required when called:    4
 This function calls:
		i2_clearLCD
		i2_lcdWrite
 This function is called by:
		_dispCorrectScreen
 This function uses a non-reentrant model


 *************** function _dispLogsMenu *****************
 Defined at:
		line 78 in file "LCD.c"
 Parameters:    Size  Location     Type
		None
 Auto vars:     Size  Location     Type
		None
 Return value:  Size  Location     Type
                  1    wreg      void 
 Registers used:
		wreg, status,2, status,0, tblptrl, tblptrh, tblptru, cstack
 Tracked objects:
		On entry : 
		On exit  : 
		Unchanged: 
 Data sizes:     COMRAM   BANK0   BANK1   BANK2   BANK3   BANK4   BANK5   BANK6   BANK7   BANK8   BANK9  BANK10  BANK11  BANK12  BANK13  BANK14  BANK15
      Params:         0       0       0       0       0       0       0       0       0       0       0       0       0       0       0       0       0
      Locals:         0       0       0       0       0       0       0       0       0       0       0       0       0       0       0       0       0
      Temps:          0       0       0       0       0       0       0       0       0       0       0       0       0       0       0       0       0
      Totals:         0       0       0       0       0       0       0       0       0       0       0       0       0       0       0       0       0
Total ram usage:        0 bytes
 Hardware stack levels used:    1
 Hardware stack levels required when called:    4
 This function calls:
		i2_clearLCD
		i2_lcdWrite
 This function is called by:
		_dispCorrectScreen
 This function uses a non-reentrant model


 *************** function _dispLogsDisplayMenuScreen *****************
 Defined at:
		line 83 in file "LCD.c"
 Parameters:    Size  Location     Type
		None
 Auto vars:     Size  Location     Type
		None
 Return value:  Size  Location     Type
                  1    wreg      void 
 Registers used:
		wreg, status,2, status,0, tblptrl, tblptrh, tblptru, cstack
 Tracked objects:
		On entry : 
		On exit  : 
		Unchanged: 
 Data sizes:     COMRAM   BANK0   BANK1   BANK2   BANK3   BANK4   BANK5   BANK6   BANK7   BANK8   BANK9  BANK10  BANK11  BANK12  BANK13  BANK14  BANK15
      Params:         0       0       0       0       0       0       0       0       0       0       0       0       0       0       0       0       0
      Locals:         0       0       0       0       0       0       0       0       0       0       0       0       0       0       0       0       0
      Temps:          0       0       0       0       0       0       0       0       0       0       0       0       0       0       0       0       0
      Totals:         0       0       0       0       0       0       0       0       0       0       0       0       0       0       0       0       0
Total ram usage:        0 bytes
 Hardware stack levels used:    1
 Hardware stack levels required when called:    4
 This function calls:
		i2_clearLCD
		i2_lcdWrite
 This function is called by:
		_dispCorrectScreen
 This function uses a non-reentrant model


 *************** function _dispDownloadToPCScreen *****************
 Defined at:
		line 88 in file "LCD.c"
 Parameters:    Size  Location     Type
		None
 Auto vars:     Size  Location     Type
		None
 Return value:  Size  Location     Type
                  1    wreg      void 
 Registers used:
		wreg, status,2, status,0, tblptrl, tblptrh, tblptru, cstack
 Tracked objects:
		On entry : 
		On exit  : 
		Unchanged: 
 Data sizes:     COMRAM   BANK0   BANK1   BANK2   BANK3   BANK4   BANK5   BANK6   BANK7   BANK8   BANK9  BANK10  BANK11  BANK12  BANK13  BANK14  BANK15
      Params:         0       0       0       0       0       0       0       0       0       0       0       0       0       0       0       0       0
      Locals:         0       0       0       0       0       0       0       0       0       0       0       0       0       0       0       0       0
      Temps:          0       0       0       0       0       0       0       0       0       0       0       0       0       0       0       0       0
      Totals:         0       0       0       0       0       0       0       0       0       0       0       0       0       0       0       0       0
Total ram usage:        0 bytes
 Hardware stack levels used:    1
 Hardware stack levels required when called:    4
 This function calls:
		i2_clearLCD
		i2_lcdWrite
 This function is called by:
		_dispCorrectScreen
 This function uses a non-reentrant model


 *************** function i2_lcdWrite *****************
 Defined at:
		line 54 in file "LCD.c"
 Parameters:    Size  Location     Type
  string1         2    9[COMRAM] PTR unsigned char 
		 -> STR_9(16), STR_7(17), STR_5(17), STR_3(11), 
		 -> STR_1(17), 
  string2         2   11[COMRAM] PTR unsigned char 
		 -> STR_10(1), STR_8(11), STR_6(12), STR_4(5), 
		 -> STR_2(17), 
 Auto vars:     Size  Location     Type
		None
 Return value:  Size  Location     Type
                  1    wreg      void 
 Registers used:
		wreg, status,2, status,0, tblptrl, tblptrh, tblptru, cstack
 Tracked objects:
		On entry : 
		On exit  : 
		Unchanged: 
 Data sizes:     COMRAM   BANK0   BANK1   BANK2   BANK3   BANK4   BANK5   BANK6   BANK7   BANK8   BANK9  BANK10  BANK11  BANK12  BANK13  BANK14  BANK15
      Params:         4       0       0       0       0       0       0       0       0       0       0       0       0       0       0       0       0
      Locals:         0       0       0       0       0       0       0       0       0       0       0       0       0       0       0       0       0
      Temps:          0       0       0       0       0       0       0       0       0       0       0       0       0       0       0       0       0
      Totals:         4       0       0       0       0       0       0       0       0       0       0       0       0       0       0       0       0
Total ram usage:        4 bytes
 Hardware stack levels used:    1
 Hardware stack levels required when called:    3
 This function calls:
		i2_clearLCD
		i2_lcdInst
		i2_printf
 This function is called by:
		_dispSortingScreen
		_dispLogsMenu
		_dispLogsDisplayMenuScreen
		_dispDownloadToPCScreen
		i2_dispMainMenu
 This function uses a non-reentrant model


 *************** function i2_printf *****************
 Defined at:
		line 464 in file "/opt/microchip/xc8/v1.40/sources/common/doprnt.c"
 Parameters:    Size  Location     Type
  f               2    3[COMRAM] PTR const unsigned char 
		 -> STR_10(1), STR_9(16), STR_8(11), STR_7(17), 
		 -> STR_6(12), STR_5(17), STR_4(5), STR_3(11), 
		 -> STR_2(17), STR_1(17), 
 Auto vars:     Size  Location     Type
  printf          4    0        struct .
  printf          3    0        PTR const unsigned char 
  printf          2    5[COMRAM] PTR void [1]
		 -> ?i2_printf(2), ?_printf(2), 
  printf          2    0        unsigned int 
  printf          2    0        unsigned int 
  printf          1    8[COMRAM] char 
  printf          1    7[COMRAM] unsigned char 
  printf          1    0        char 
 Return value:  Size  Location     Type
                  2    3[COMRAM] int 
 Registers used:
		wreg, status,2, status,0, tblptrl, tblptrh, tblptru, cstack
 Tracked objects:
		On entry : 
		On exit  : 
		Unchanged: 
 Data sizes:     COMRAM   BANK0   BANK1   BANK2   BANK3   BANK4   BANK5   BANK6   BANK7   BANK8   BANK9  BANK10  BANK11  BANK12  BANK13  BANK14  BANK15
      Params:         2       0       0       0       0       0       0       0       0       0       0       0       0       0       0       0       0
      Locals:         4       0       0       0       0       0       0       0       0       0       0       0       0       0       0       0       0
      Temps:          0       0       0       0       0       0       0       0       0       0       0       0       0       0       0       0       0
      Totals:         6       0       0       0       0       0       0       0       0       0       0       0       0       0       0       0       0
Total ram usage:        6 bytes
 Hardware stack levels used:    1
 Hardware stack levels required when called:    2
 This function calls:
		i2_putch
 This function is called by:
		i2_lcdWrite
 This function uses a non-reentrant model


 *************** function i2_putch *****************
 Defined at:
		line 26 in file "LCD.c"
 Parameters:    Size  Location     Type
  data            1    wreg     unsigned char 
 Auto vars:     Size  Location     Type
  data            1    2[COMRAM] unsigned char 
 Return value:  Size  Location     Type
                  1    wreg      void 
 Registers used:
		wreg, status,2, status,0, cstack
 Tracked objects:
		On entry : 
		On exit  : 
		Unchanged: 
 Data sizes:     COMRAM   BANK0   BANK1   BANK2   BANK3   BANK4   BANK5   BANK6   BANK7   BANK8   BANK9  BANK10  BANK11  BANK12  BANK13  BANK14  BANK15
      Params:         0       0       0       0       0       0       0       0       0       0       0       0       0       0       0       0       0
      Locals:         1       0       0       0       0       0       0       0       0       0       0       0       0       0       0       0       0
      Temps:          0       0       0       0       0       0       0       0       0       0       0       0       0       0       0       0       0
      Totals:         1       0       0       0       0       0       0       0       0       0       0       0       0       0       0       0       0
Total ram usage:        1 bytes
 Hardware stack levels used:    1
 Hardware stack levels required when called:    1
 This function calls:
		i2_lcdNibble
 This function is called by:
		i2_printf
 This function uses a non-reentrant model


 *************** function i2_clearLCD *****************
 Defined at:
		line 62 in file "LCD.c"
 Parameters:    Size  Location     Type
		None
 Auto vars:     Size  Location     Type
		None
 Return value:  Size  Location     Type
                  1    wreg      void 
 Registers used:
		wreg, status,2, status,0, cstack
 Tracked objects:
		On entry : 
		On exit  : 
		Unchanged: 
 Data sizes:     COMRAM   BANK0   BANK1   BANK2   BANK3   BANK4   BANK5   BANK6   BANK7   BANK8   BANK9  BANK10  BANK11  BANK12  BANK13  BANK14  BANK15
      Params:         0       0       0       0       0       0       0       0       0       0       0       0       0       0       0       0       0
      Locals:         0       0       0       0       0       0       0       0       0       0       0       0       0       0       0       0       0
      Temps:          0       0       0       0       0       0       0       0       0       0       0       0       0       0       0       0       0
      Totals:         0       0       0       0       0       0       0       0       0       0       0       0       0       0       0       0       0
Total ram usage:        0 bytes
 Hardware stack levels used:    1
 Hardware stack levels required when called:    2
 This function calls:
		i2_lcdInst
 This function is called by:
		_dispSortingScreen
		_dispLogsMenu
		_dispLogsDisplayMenuScreen
		_dispDownloadToPCScreen
		i2_lcdWrite
		i2_dispMainMenu
 This function uses a non-reentrant model


 *************** function i2_lcdInst *****************
 Defined at:
		line 21 in file "LCD.c"
 Parameters:    Size  Location     Type
  data            1    wreg     unsigned char 
 Auto vars:     Size  Location     Type
  data            1    2[COMRAM] unsigned char 
 Return value:  Size  Location     Type
                  1    wreg      void 
 Registers used:
		wreg, status,2, status,0, cstack
 Tracked objects:
		On entry : 
		On exit  : 
		Unchanged: 
 Data sizes:     COMRAM   BANK0   BANK1   BANK2   BANK3   BANK4   BANK5   BANK6   BANK7   BANK8   BANK9  BANK10  BANK11  BANK12  BANK13  BANK14  BANK15
      Params:         0       0       0       0       0       0       0       0       0       0       0       0       0       0       0       0       0
      Locals:         1       0       0       0       0       0       0       0       0       0       0       0       0       0       0       0       0
      Temps:          0       0       0       0       0       0       0       0       0       0       0       0       0       0       0       0       0
      Totals:         1       0       0       0       0       0       0       0       0       0       0       0       0       0       0       0       0
Total ram usage:        1 bytes
 Hardware stack levels used:    1
 Hardware stack levels required when called:    1
 This function calls:
		i2_lcdNibble
 This function is called by:
		i2_lcdWrite
		i2_clearLCD
 This function uses a non-reentrant model


 *************** function i2_lcdNibble *****************
 Defined at:
		line 31 in file "LCD.c"
 Parameters:    Size  Location     Type
  data            1    wreg     unsigned char 
 Auto vars:     Size  Location     Type
  data            1    1[COMRAM] unsigned char 
  lcdNibble       1    0[COMRAM] unsigned char 
 Return value:  Size  Location     Type
                  1    wreg      void 
 Registers used:
		wreg, status,2, status,0
 Tracked objects:
		On entry : 
		On exit  : 
		Unchanged: 
 Data sizes:     COMRAM   BANK0   BANK1   BANK2   BANK3   BANK4   BANK5   BANK6   BANK7   BANK8   BANK9  BANK10  BANK11  BANK12  BANK13  BANK14  BANK15
      Params:         0       0       0       0       0       0       0       0       0       0       0       0       0       0       0       0       0
      Locals:         2       0       0       0       0       0       0       0       0       0       0       0       0       0       0       0       0
      Temps:          0       0       0       0       0       0       0       0       0       0       0       0       0       0       0       0       0
      Totals:         2       0       0       0       0       0       0       0       0       0       0       0       0       0       0       0       0
Total ram usage:        2 bytes
 Hardware stack levels used:    1
 This function calls:
		Nothing
 This function is called by:
		i2_lcdInst
		i2_putch
 This function uses a non-reentrant model



MODULE INFORMATION

Module		Function		Class		Link	Load	Size
/opt/microchip/xc8/v1.40/sources/common/fttol.c
		___fttol       		CODE           	1470	0000	325

/opt/microchip/xc8/v1.40/sources/common/fttol.c estimated size: 325

controlMotors.c
		_rotateStepperMotor		CODE           	16D4	0000	255
		_setFanRotation		CODE           	1CB0	0000	101
		_setChamberExit		CODE           	20BA	0000	3
		_setChamberEntrance		CODE           	1B50	0000	133
		_setUpperDiscRotation		CODE           	207E	0000	13
		_rotateContainers		CODE           	107E	0000	629

controlMotors.c estimated size: 1134

controlSensors.c
		_setLaserEmitter		CODE           	1F7C	0000	29
		_detectBottle  		CODE           	18B8	0000	185
		_laserDetected 		CODE           	204E	0000	21
		_getDistance   		CODE           	1C44	0000	109
		_bottleComing  		CODE           	1EFA	0000	47

controlSensors.c estimated size: 391

/opt/microchip/xc8/v1.40/sources/common/awtoft.c
		___awtoft      		CODE           	1EC2	0000	57

/opt/microchip/xc8/v1.40/sources/common/awtoft.c estimated size: 57

/opt/microchip/xc8/v1.40/sources/common/float.c
		___ftpack      		CODE           	1970	0000	175

/opt/microchip/xc8/v1.40/sources/common/float.c estimated size: 175

/opt/microchip/xc8/v1.40/sources/common/awmod.c
		___awmod       		CODE           	1BD4	0000	113

/opt/microchip/xc8/v1.40/sources/common/awmod.c estimated size: 113

shared
		i2_printf      		CODE           	1D72	0000	95
		i2_putch       		CODE           	20A2	0000	13
		i2_lcdNibble   		CODE           	1E26	0000	87
		i2_clearLCD    		CODE           	2070	0000	15
		i2_lcdWrite    		CODE           	1F52	0000	43
		__initialization		CODE           	1F98	0000	13
		i2_dispMainMenu		CODE           	1FCC	0000	27
		i2_lcdInst     		CODE           	20AE	0000	13

shared estimated size: 306

/opt/microchip/xc8/v1.40/sources/common/ftmul.c
		___ftmul       		CODE           	15B4	0000	289

/opt/microchip/xc8/v1.40/sources/common/ftmul.c estimated size: 289

/opt/microchip/xc8/v1.40/sources/common/ftdiv.c
		___ftdiv       		CODE           	17D2	0000	231

/opt/microchip/xc8/v1.40/sources/common/ftdiv.c estimated size: 231

/opt/microchip/xc8/v1.40/sources/common/doprnt.c
		_printf        		CODE           	1D14	0000	95

/opt/microchip/xc8/v1.40/sources/common/doprnt.c estimated size: 95

main.c
		_main          		CODE           	12F2	0000	383
		_keypressed    		CODE           	0008	0000	163

main.c estimated size: 546

LCD.c
		_dispSortingScreen		CODE           	1FE6	0000	27
		_dispLogsMenu  		CODE           	2000	0000	27
		_putch         		CODE           	208A	0000	13
		_lcdInst       		CODE           	2096	0000	13
		_dispDownloadToPCScreen		CODE           	2034	0000	27
		_dispCorrectScreen		CODE           	1ABA	0000	151
		_dispLogsDisplayMenuScreen		CODE           	201A	0000	27
		_lcdNibble     		CODE           	1DD0	0000	87
		_lcdWrite      		CODE           	1F28	0000	43
		_dispMainMenu  		CODE           	1FB2	0000	27
		_initLCD       		CODE           	1E7C	0000	71
		_clearLCD      		CODE           	2062	0000	15

LCD.c estimated size: 528

